empty: []
single[0]: 1
trailing[0]: 1
trailing[1]: 2
trailing[2]: 3
nested[0][0]: 1
nested[0][1]: 2
nested[1][0]: 3
nested[1][1][0]: 4
nested[1][1][1]: 5
nested[2]: []
mixed[0]: "str"
mixed[1]: 42
mixed[2]: 3.14
mixed[3]: true
mixed[4]: false
mixed[5]: null
mixed[6].x: 1
mixed[7][0]: 9
mixed[7][1]: 8
withComments[0]: 1
withComments[1]: 2
withComments[2]: 3
matrix3d[0][0][0]: 1
matrix3d[0][1][0]: 2
matrix3d[1][0][0]: 3
matrix3d[1][0][1]: 4
