ints.zero: 0
ints.negZero: 0
ints.one: 1
ints.neg: -42
ints.big: 9223372036854775807
ints.hexZero: 0
ints.hexSmall: 42
ints.hexLower: 11259375
ints.hexUpper: 11259375
ints.hexMixed: 26
ints.negHex: -255
floats.zeroDot: 0
floats.half: 0.5
floats.negHalf: -0.5
floats.pi: 3.14
floats.large: 1e+09
floats.withPlus: 1e+10
floats.tiny: 1e-10
floats.negExp: -0.0025
floats.avogadro: 6.022e+23
